app.hypermedia.testing.dsl.tests.generator.hydra.IdentifierTest.expectTypeWithPrefix_generatesStep=[
  {
    "map": {
      "steps": {
        "myArrayList": [
          {
            "map": {
              "children": {
                "myArrayList": [
                  {
                    "map": {
                      "type": "Identifier",
                      "value": "http://example.com/NewUser"
                    },
                    "empty": false
                  }
                ],
                "empty": false
              },
              "classId": "http://example.com/CreateUser",
              "type": "Class"
            },
            "empty": false
          }
        ],
        "empty": false
      }
    },
    "empty": false
  }
]


app.hypermedia.testing.dsl.tests.generator.hydra.IdentifierTest.expectType_generatesStep=[
  {
    "map": {
      "steps": {
        "myArrayList": [
          {
            "map": {
              "children": {
                "myArrayList": [
                  {
                    "map": {
                      "type": "Identifier",
                      "value": "http://example.com/NewUser"
                    },
                    "empty": false
                  }
                ],
                "empty": false
              },
              "classId": "http://example.com/CreateUser",
              "type": "Class"
            },
            "empty": false
          }
        ],
        "empty": false
      }
    },
    "empty": false
  }
]