app.hypermedia.testing.dsl.tests.generator.hydra.OperationTest.emptyWithClass_generatesStep=[
  {
    "map": {
      "steps": {
        "myArrayList": [
          {
            "map": {
              "children": {
                "myArrayList": [ ],
                "empty": true
              },
              "operationId": "CreateUser",
              "type": "Operation"
            },
            "empty": false
          }
        ],
        "empty": false
      }
    },
    "empty": false
  }
]


app.hypermedia.testing.dsl.tests.generator.hydra.OperationTest.emptyWithOperationTopLevel_generatesStep=[
  {
    "map": {
      "steps": {
        "myArrayList": [
          {
            "map": {
              "children": {
                "myArrayList": [ ],
                "empty": true
              },
              "operationId": "CreateUser",
              "type": "Operation"
            },
            "empty": false
          }
        ],
        "empty": false
      }
    },
    "empty": false
  }
]


app.hypermedia.testing.dsl.tests.generator.hydra.OperationTest.topLevelOperationMultipleInvocations_generatesStep=[
  {
    "map": {
      "steps": {
        "myArrayList": [
          {
            "map": {
              "children": {
                "myArrayList": [
                  {
                    "map": {
                      "type": "Invocation"
                    },
                    "empty": false
                  },
                  {
                    "map": {
                      "type": "Invocation"
                    },
                    "empty": false
                  },
                  {
                    "map": {
                      "type": "Invocation"
                    },
                    "empty": false
                  }
                ],
                "empty": false
              },
              "operationId": "CreateUser",
              "type": "Operation"
            },
            "empty": false
          }
        ],
        "empty": false
      }
    },
    "empty": false
  }
]