app.hypermedia.testing.dsl.tests.generator.core.PropertyTest.expectNonStringValues_generatesValue=[
  {
    "map": {
      "steps": {
        "myArrayList": [
          {
            "map": {
              "children": {
                "myArrayList": [
                  {
                    "map": {
                      "propertyId": "age",
                      "strict": true,
                      "type": "Property",
                      "value": 21
                    },
                    "empty": false
                  },
                  {
                    "map": {
                      "propertyId": "salary",
                      "strict": true,
                      "type": "Property",
                      "value": 12.5
                    },
                    "empty": false
                  },
                  {
                    "map": {
                      "propertyId": "employed",
                      "strict": true,
                      "type": "Property",
                      "value": true
                    },
                    "empty": false
                  }
                ],
                "empty": false
              },
              "classId": "Person",
              "type": "Class"
            },
            "empty": false
          }
        ],
        "empty": false
      }
    },
    "empty": false
  }
]


app.hypermedia.testing.dsl.tests.generator.core.PropertyTest.expectPropertyValue_generatesValue=[
  {
    "map": {
      "steps": {
        "myArrayList": [
          {
            "map": {
              "children": {
                "myArrayList": [
                  {
                    "map": {
                      "propertyId": "name",
                      "strict": true,
                      "type": "Property",
                      "value": "Tomasz"
                    },
                    "empty": false
                  }
                ],
                "empty": false
              },
              "classId": "Person",
              "type": "Class"
            },
            "empty": false
          }
        ],
        "empty": false
      }
    },
    "empty": false
  }
]


app.hypermedia.testing.dsl.tests.generator.core.PropertyTest.expectProperty_generatesStrictPropertyStep=[
  {
    "map": {
      "steps": {
        "myArrayList": [
          {
            "map": {
              "children": {
                "myArrayList": [
                  {
                    "map": {
                      "children": {
                        "myArrayList": [ ],
                        "empty": true
                      },
                      "propertyId": "author",
                      "strict": true,
                      "type": "Property"
                    },
                    "empty": false
                  }
                ],
                "empty": false
              },
              "classId": "Person",
              "type": "Class"
            },
            "empty": false
          }
        ],
        "empty": false
      }
    },
    "empty": false
  }
]


app.hypermedia.testing.dsl.tests.generator.core.PropertyTest.utf8Values_generatesCorrectOutput=[
  {
    "map": {
      "steps": {
        "myArrayList": [
          {
            "map": {
              "children": {
                "myArrayList": [
                  {
                    "map": {
                      "propertyId": "name",
                      "strict": true,
                      "type": "Property",
                      "value": "Łabędź"
                    },
                    "empty": false
                  }
                ],
                "empty": false
              },
              "classId": "Zwierzę",
              "type": "Class"
            },
            "empty": false
          }
        ],
        "empty": false
      }
    },
    "empty": false
  }
]


app.hypermedia.testing.dsl.tests.generator.core.PropertyTest.withProperty_generatesNonStrictPropertyStep=[
  {
    "map": {
      "steps": {
        "myArrayList": [
          {
            "map": {
              "children": {
                "myArrayList": [
                  {
                    "map": {
                      "children": {
                        "myArrayList": [ ],
                        "empty": true
                      },
                      "propertyId": "author",
                      "strict": false,
                      "type": "Property"
                    },
                    "empty": false
                  }
                ],
                "empty": false
              },
              "classId": "Person",
              "type": "Class"
            },
            "empty": false
          }
        ],
        "empty": false
      }
    },
    "empty": false
  }
]